#
# There is insufficient memory for the Java Runtime Environment to continue.
# Native memory allocation (malloc) failed to allocate 1229936 bytes. Error detail: Chunk::new
# Possible reasons:
#   The system is out of physical RAM or swap space
#   This process is running with CompressedOops enabled, and the Java Heap may be blocking the growth of the native heap
# Possible solutions:
#   Reduce memory load on the system
#   Increase physical memory or swap space
#   Check if swap backing store is full
#   Decrease Java heap size (-Xmx/-Xms)
#   Decrease number of Java threads
#   Decrease Java thread stack sizes (-Xss)
#   Set larger code cache with -XX:ReservedCodeCacheSize=
#   JVM is running with Unscaled Compressed Oops mode in which the Java heap is
#     placed in the first 4GB address space. The Java Heap base address is the
#     maximum limit for the native heap growth. Please use -XX:HeapBaseMinAddress
#     to set the Java Heap base and to place the Java Heap above 4GB virtual address.
# This output file may be truncated or incomplete.
#
#  Out of Memory Error (arena.cpp:191), pid=9376, tid=21472
#
# JRE version: OpenJDK Runtime Environment Temurin-17.0.15+6 (17.0.15+6) (build 17.0.15+6)
# Java VM: OpenJDK 64-Bit Server VM Temurin-17.0.15+6 (17.0.15+6, mixed mode, tiered, compressed oops, compressed class ptrs, g1 gc, windows-amd64)
# No core dump will be written. Minidumps are not enabled by default on client versions of Windows
#

---------------  S U M M A R Y ------------

Command Line: -Dfile.encoding=UTF-8 -Dstdout.encoding=UTF-8 -Dstderr.encoding=UTF-8 -XX:+ShowCodeDetailsInExceptionMessages com.neha.employeemanagement.EmployeeManagementSystemApplication

Host: AMD Ryzen 5 5500U with Radeon Graphics         , 12 cores, 3G,  Windows 11 , 64 bit Build 26100 (10.0.26100.8521)
Time: Thu Jul  9 06:28:34 2026 India Standard Time elapsed time: 36.677562 seconds (0d 0h 0m 36s)

---------------  T H R E A D  ---------------

Current thread (0x0000022c52549aa0):  JavaThread "C2 CompilerThread0" daemon [_thread_in_native, id=21472, stack(0x000000e3f3b00000,0x000000e3f3c00000)]


Current CompileTask:
C2:  36677 4758       4       java.net.URLStreamHandler::parseURL (1201 bytes)

Stack: [0x000000e3f3b00000,0x000000e3f3c00000]
Native frames: (J=compiled Java code, j=interpreted, Vv=VM code, C=native code)
V  [jvm.dll+0x682fc9]
V  [jvm.dll+0x839878]
V  [jvm.dll+0x83b323]
V  [jvm.dll+0x83b993]
V  [jvm.dll+0x24725f]
V  [jvm.dll+0xacea4]
V  [jvm.dll+0xad53c]
V  [jvm.dll+0x365c1f]
V  [jvm.dll+0x32fe58]
V  [jvm.dll+0x32f2da]
V  [jvm.dll+0x21824f]
V  [jvm.dll+0x21768f]
V  [jvm.dll+0x1a31b0]
V  [jvm.dll+0x227a9c]
V  [jvm.dll+0x225bfb]
V  [jvm.dll+0x7ef018]
V  [jvm.dll+0x7e94dc]
V  [jvm.dll+0x681ea7]
C  [ucrtbase.dll+0x2cd30]
C  [KERNEL32.DLL+0x2e957]
C  [ntdll.dll+0x87c1c]


---------------  P R O C E S S  ---------------

Threads class SMR info:
_java_thread_list=0x0000022c58715360, length=18, elements={
0x0000022c38bfea40, 0x0000022c52533020, 0x0000022c524dc0e0, 0x0000022c5251ea70,
0x0000022c52539ff0, 0x0000022c5253f070, 0x0000022c525489b0, 0x0000022c52549aa0,
0x0000022c5259da60, 0x0000022c525f4720, 0x0000022c526f5190, 0x0000022c526ff4c0,
0x0000022c578599f0, 0x0000022c5785b850, 0x0000022c5785bd60, 0x0000022c5785c270,
0x0000022c57858fd0, 0x0000022c578594e0
}

Java Threads: ( => current thread )
  0x0000022c38bfea40 JavaThread "main" [_thread_in_Java, id=19188, stack(0x000000e3f2e00000,0x000000e3f2f00000)]
  0x0000022c52533020 JavaThread "Reference Handler" daemon [_thread_blocked, id=17804, stack(0x000000e3f3500000,0x000000e3f3600000)]
  0x0000022c524dc0e0 JavaThread "Finalizer" daemon [_thread_blocked, id=21008, stack(0x000000e3f3600000,0x000000e3f3700000)]
  0x0000022c5251ea70 JavaThread "Signal Dispatcher" daemon [_thread_blocked, id=18864, stack(0x000000e3f3700000,0x000000e3f3800000)]
  0x0000022c52539ff0 JavaThread "Attach Listener" daemon [_thread_blocked, id=18528, stack(0x000000e3f3800000,0x000000e3f3900000)]
  0x0000022c5253f070 JavaThread "Service Thread" daemon [_thread_blocked, id=3236, stack(0x000000e3f3900000,0x000000e3f3a00000)]
  0x0000022c525489b0 JavaThread "Monitor Deflation Thread" daemon [_thread_blocked, id=13244, stack(0x000000e3f3a00000,0x000000e3f3b00000)]
=>0x0000022c52549aa0 JavaThread "C2 CompilerThread0" daemon [_thread_in_native, id=21472, stack(0x000000e3f3b00000,0x000000e3f3c00000)]
  0x0000022c5259da60 JavaThread "C1 CompilerThread0" daemon [_thread_blocked, id=4500, stack(0x000000e3f3c00000,0x000000e3f3d00000)]
  0x0000022c525f4720 JavaThread "Sweeper thread" daemon [_thread_blocked, id=21444, stack(0x000000e3f3d00000,0x000000e3f3e00000)]
  0x0000022c526f5190 JavaThread "Notification Thread" daemon [_thread_blocked, id=14560, stack(0x000000e3f3e00000,0x000000e3f3f00000)]
  0x0000022c526ff4c0 JavaThread "Common-Cleaner" daemon [_thread_blocked, id=20860, stack(0x000000e3f4000000,0x000000e3f4100000)]
  0x0000022c578599f0 JavaThread "Catalina-utility-1" [_thread_blocked, id=15944, stack(0x000000e3f4500000,0x000000e3f4600000)]
  0x0000022c5785b850 JavaThread "Catalina-utility-2" [_thread_blocked, id=5024, stack(0x000000e3f4d00000,0x000000e3f4e00000)]
  0x0000022c5785bd60 JavaThread "container-0" [_thread_blocked, id=20300, stack(0x000000e3f4e00000,0x000000e3f4f00000)]
  0x0000022c5785c270 JavaThread "mysql-cj-abandoned-connection-cleanup" daemon [_thread_blocked, id=21336, stack(0x000000e3f4f00000,0x000000e3f5000000)]
  0x0000022c57858fd0 JavaThread "HikariPool-1 housekeeper" daemon [_thread_blocked, id=11512, stack(0x000000e3f5100000,0x000000e3f5200000)]
  0x0000022c578594e0 JavaThread "HikariPool-1 connection adder" daemon [_thread_blocked, id=18612, stack(0x000000e3f5200000,0x000000e3f5300000)]

Other Threads:
  0x0000022c524f3010 VMThread "VM Thread" [stack: 0x000000e3f3400000,0x000000e3f3500000] [id=4028]
  0x0000022c526f5670 WatcherThread [stack: 0x000000e3f3f00000,0x000000e3f4000000] [id=10984]
  0x0000022c38e09570 GCTaskThread "GC Thread#0" [stack: 0x000000e3f2f00000,0x000000e3f3000000] [id=2480]
  0x0000022c57aae730 GCTaskThread "GC Thread#1" [stack: 0x000000e3f4100000,0x000000e3f4200000] [id=12280]
  0x0000022c57a68940 GCTaskThread "GC Thread#2" [stack: 0x000000e3f4200000,0x000000e3f4300000] [id=13252]
  0x0000022c57a68c00 GCTaskThread "GC Thread#3" [stack: 0x000000e3f4300000,0x000000e3f4400000] [id=3672]
  0x0000022c526bac20 GCTaskThread "GC Thread#4" [stack: 0x000000e3f4400000,0x000000e3f4500000] [id=19000]
  0x0000022c572b5620 GCTaskThread "GC Thread#5" [stack: 0x000000e3f4600000,0x000000e3f4700000] [id=10660]
  0x0000022c572b45a0 GCTaskThread "GC Thread#6" [stack: 0x000000e3f4700000,0x000000e3f4800000] [id=18964]
  0x0000022c572b5360 GCTaskThread "GC Thread#7" [stack: 0x000000e3f4800000,0x000000e3f4900000] [id=16572]
  0x0000022c572b4020 GCTaskThread "GC Thread#8" [stack: 0x000000e3f4900000,0x000000e3f4a00000] [id=20564]
  0x0000022c572b4b20 GCTaskThread "GC Thread#9" [stack: 0x000000e3f4c00000,0x000000e3f4d00000] [id=18112]
  0x0000022c38e10f40 ConcurrentGCThread "G1 Main Marker" [stack: 0x000000e3f3000000,0x000000e3f3100000] [id=13208]
  0x0000022c38e12970 ConcurrentGCThread "G1 Conc#0" [stack: 0x000000e3f3100000,0x000000e3f3200000] [id=7976]
  0x0000022c572b4860 ConcurrentGCThread "G1 Conc#1" [stack: 0x000000e3f4a00000,0x000000e3f4b00000] [id=15932]
  0x0000022c572b42e0 ConcurrentGCThread "G1 Conc#2" [stack: 0x000000e3f4b00000,0x000000e3f4c00000] [id=10508]
  0x0000022c38e6ebc0 ConcurrentGCThread "G1 Refine#0" [stack: 0x000000e3f3200000,0x000000e3f3300000] [id=19184]
  0x0000022c52347180 ConcurrentGCThread "G1 Service" [stack: 0x000000e3f3300000,0x000000e3f3400000] [id=7552]

Threads with active compile tasks:
C2 CompilerThread0    36766 4758       4       java.net.URLStreamHandler::parseURL (1201 bytes)

VM state: not at safepoint (normal execution)

VM Mutex/Monitor currently owned by a thread: None

Heap address: 0x00000000cac00000, size: 852 MB, Compressed Oops mode: 32-bit

CDS archive(s) not mapped
Compressed class space mapped at: 0x0000000100000000-0x0000000140000000, reserved size: 1073741824
Narrow klass base: 0x0000000000000000, Narrow klass shift: 3, Narrow klass range: 0x140000000

GC Precious Log:
 CPUs: 12 total, 12 available
 Memory: 3405M
 Large Page Support: Disabled
 NUMA Support: Disabled
 Compressed Oops: Enabled (32-bit)
 Heap Region Size: 1M
 Heap Min Capacity: 8M
 Heap Initial Capacity: 54M
 Heap Max Capacity: 852M
 Pre-touch: Disabled
 Parallel Workers: 10
 Concurrent Workers: 3
 Concurrent Refinement Workers: 10
 Periodic GC: Disabled

Heap:
 garbage-first heap   total 51200K, used 35752K [0x00000000cac00000, 0x0000000100000000)
  region size 1024K, 17 young (17408K), 3 survivors (3072K)
 Metaspace       used 58668K, committed 59136K, reserved 1114112K
  class space    used 7323K, committed 7552K, reserved 1048576K

Heap Regions: E=young(eden), S=young(survivor), O=old, HS=humongous(starts), HC=humongous(continues), CS=collection set, F=free, OA=open archive, CA=closed archive, TAMS=top-at-mark-start (previous, next)
|   0|0x00000000cac00000, 0x00000000cad00000, 0x00000000cad00000|100%|HS|  |TAMS 0x00000000cad00000, 0x00000000cac00000| Complete 
|   1|0x00000000cad00000, 0x00000000cae00000, 0x00000000cae00000|100%| O|  |TAMS 0x00000000cae00000, 0x00000000cad00000| Untracked 
|   2|0x00000000cae00000, 0x00000000caf00000, 0x00000000caf00000|100%| O|  |TAMS 0x00000000caf00000, 0x00000000cae00000| Untracked 
|   3|0x00000000caf00000, 0x00000000cb000000, 0x00000000cb000000|100%| O|  |TAMS 0x00000000cb000000, 0x00000000caf00000| Untracked 
|   4|0x00000000cb000000, 0x00000000cb100000, 0x00000000cb100000|100%| O|  |TAMS 0x00000000cb100000, 0x00000000cb000000| Untracked 
|   5|0x00000000cb100000, 0x00000000cb200000, 0x00000000cb200000|100%| O|  |TAMS 0x00000000cb200000, 0x00000000cb100000| Untracked 
|   6|0x00000000cb200000, 0x00000000cb300000, 0x00000000cb300000|100%| O|  |TAMS 0x00000000cb300000, 0x00000000cb200000| Untracked 
|   7|0x00000000cb300000, 0x00000000cb400000, 0x00000000cb400000|100%| O|  |TAMS 0x00000000cb400000, 0x00000000cb300000| Untracked 
|   8|0x00000000cb400000, 0x00000000cb500000, 0x00000000cb500000|100%| O|  |TAMS 0x00000000cb500000, 0x00000000cb400000| Untracked 
|   9|0x00000000cb500000, 0x00000000cb600000, 0x00000000cb600000|100%| O|  |TAMS 0x00000000cb600000, 0x00000000cb500000| Untracked 
|  10|0x00000000cb600000, 0x00000000cb700000, 0x00000000cb700000|100%| O|  |TAMS 0x00000000cb700000, 0x00000000cb600000| Untracked 
|  11|0x00000000cb700000, 0x00000000cb800000, 0x00000000cb800000|100%| O|  |TAMS 0x00000000cb800000, 0x00000000cb700000| Untracked 
|  12|0x00000000cb800000, 0x00000000cb900000, 0x00000000cb900000|100%| O|  |TAMS 0x00000000cb900000, 0x00000000cb800000| Untracked 
|  13|0x00000000cb900000, 0x00000000cba00000, 0x00000000cba00000|100%| O|  |TAMS 0x00000000cba00000, 0x00000000cb900000| Untracked 
|  14|0x00000000cba00000, 0x00000000cbb00000, 0x00000000cbb00000|100%| O|  |TAMS 0x00000000cbb00000, 0x00000000cba00000| Untracked 
|  15|0x00000000cbb00000, 0x00000000cbc00000, 0x00000000cbc00000|100%| O|  |TAMS 0x00000000cbc00000, 0x00000000cbb00000| Untracked 
|  16|0x00000000cbc00000, 0x00000000cbd00000, 0x00000000cbd00000|100%| O|  |TAMS 0x00000000cbd00000, 0x00000000cbc00000| Untracked 
|  17|0x00000000cbd00000, 0x00000000cbe00000, 0x00000000cbe00000|100%| O|  |TAMS 0x00000000cbd35c00, 0x00000000cbd00000| Untracked 
|  18|0x00000000cbe00000, 0x00000000cbf00000, 0x00000000cbf00000|100%| O|  |TAMS 0x00000000cbe00000, 0x00000000cbe00000| Untracked 
|  19|0x00000000cbf00000, 0x00000000cbf51200, 0x00000000cc000000| 31%| O|  |TAMS 0x00000000cbf00000, 0x00000000cbf00000| Untracked 
|  20|0x00000000cc000000, 0x00000000cc000000, 0x00000000cc100000|  0%| F|  |TAMS 0x00000000cc000000, 0x00000000cc000000| Untracked 
|  21|0x00000000cc100000, 0x00000000cc100000, 0x00000000cc200000|  0%| F|  |TAMS 0x00000000cc100000, 0x00000000cc100000| Untracked 
|  22|0x00000000cc200000, 0x00000000cc200000, 0x00000000cc300000|  0%| F|  |TAMS 0x00000000cc200000, 0x00000000cc200000| Untracked 
|  23|0x00000000cc300000, 0x00000000cc300000, 0x00000000cc400000|  0%| F|  |TAMS 0x00000000cc300000, 0x00000000cc300000| Untracked 
|  24|0x00000000cc400000, 0x00000000cc400000, 0x00000000cc500000|  0%| F|  |TAMS 0x00000000cc400000, 0x00000000cc400000| Untracked 
|  25|0x00000000cc500000, 0x00000000cc500000, 0x00000000cc600000|  0%| F|  |TAMS 0x00000000cc500000, 0x00000000cc500000| Untracked 
|  26|0x00000000cc600000, 0x00000000cc600000, 0x00000000cc700000|  0%| F|  |TAMS 0x00000000cc600000, 0x00000000cc600000| Untracked 
|  27|0x00000000cc700000, 0x00000000cc700000, 0x00000000cc800000|  0%| F|  |TAMS 0x00000000cc700000, 0x00000000cc700000| Untracked 
|  28|0x00000000cc800000, 0x00000000cc898fc8, 0x00000000cc900000| 59%| S|CS|TAMS 0x00000000cc800000, 0x00000000cc800000| Complete 
|  29|0x00000000cc900000, 0x00000000cca00000, 0x00000000cca00000|100%| S|CS|TAMS 0x00000000cc900000, 0x00000000cc900000| Complete 
|  30|0x00000000cca00000, 0x00000000ccb00000, 0x00000000ccb00000|100%| S|CS|TAMS 0x00000000cca00000, 0x00000000cca00000| Complete 
|  31|0x00000000ccb00000, 0x00000000ccb00000, 0x00000000ccc00000|  0%| F|  |TAMS 0x00000000ccb00000, 0x00000000ccb00000| Untracked 
|  32|0x00000000ccc00000, 0x00000000ccc00000, 0x00000000ccd00000|  0%| F|  |TAMS 0x00000000ccc00000, 0x00000000ccc00000| Untracked 
|  33|0x00000000ccd00000, 0x00000000ccd00000, 0x00000000cce00000|  0%| F|  |TAMS 0x00000000ccd00000, 0x00000000ccd00000| Untracked 
|  34|0x00000000cce00000, 0x00000000cce00000, 0x00000000ccf00000|  0%| F|  |TAMS 0x00000000cce00000, 0x00000000cce00000| Untracked 
|  35|0x00000000ccf00000, 0x00000000ccf00000, 0x00000000cd000000|  0%| F|  |TAMS 0x00000000ccf00000, 0x00000000ccf00000| Untracked 
|  36|0x00000000cd000000, 0x00000000cd0ef308, 0x00000000cd100000| 93%| E|  |TAMS 0x00000000cd000000, 0x00000000cd000000| Complete 
|  37|0x00000000cd100000, 0x00000000cd200000, 0x00000000cd200000|100%| E|CS|TAMS 0x00000000cd100000, 0x00000000cd100000| Complete 
|  38|0x00000000cd200000, 0x00000000cd300000, 0x00000000cd300000|100%| E|CS|TAMS 0x00000000cd200000, 0x00000000cd200000| Complete 
|  39|0x00000000cd300000, 0x00000000cd400000, 0x00000000cd400000|100%| E|CS|TAMS 0x00000000cd300000, 0x00000000cd300000| Complete 
|  40|0x00000000cd400000, 0x00000000cd500000, 0x00000000cd500000|100%| E|CS|TAMS 0x00000000cd400000, 0x00000000cd400000| Complete 
|  41|0x00000000cd500000, 0x00000000cd600000, 0x00000000cd600000|100%| E|CS|TAMS 0x00000000cd500000, 0x00000000cd500000| Complete 
|  42|0x00000000cd600000, 0x00000000cd700000, 0x00000000cd700000|100%| E|CS|TAMS 0x00000000cd600000, 0x00000000cd600000| Complete 
|  43|0x00000000cd700000, 0x00000000cd800000, 0x00000000cd800000|100%| E|CS|TAMS 0x00000000cd700000, 0x00000000cd700000| Complete 
|  44|0x00000000cd800000, 0x00000000cd900000, 0x00000000cd900000|100%| E|CS|TAMS 0x00000000cd800000, 0x00000000cd800000| Complete 
|  45|0x00000000cd900000, 0x00000000cda00000, 0x00000000cda00000|100%| E|CS|TAMS 0x00000000cd900000, 0x00000000cd900000| Complete 
|  46|0x00000000cda00000, 0x00000000cdb00000, 0x00000000cdb00000|100%| E|CS|TAMS 0x00000000cda00000, 0x00000000cda00000| Complete 
|  47|0x00000000cdb00000, 0x00000000cdc00000, 0x00000000cdc00000|100%| E|CS|TAMS 0x00000000cdb00000, 0x00000000cdb00000| Complete 
|  48|0x00000000cdc00000, 0x00000000cdd00000, 0x00000000cdd00000|100%| E|CS|TAMS 0x00000000cdc00000, 0x00000000cdc00000| Complete 
|  53|0x00000000ce100000, 0x00000000ce200000, 0x00000000ce200000|100%| E|CS|TAMS 0x00000000ce100000, 0x00000000ce100000| Complete 

Card table byte_map: [0x0000022c4da80000,0x0000022c4dc30000] _byte_map_base: 0x0000022c4d42a000

Marking Bits (Prev, Next): (CMBitMap*) 0x0000022c38e09b90, (CMBitMap*) 0x0000022c38e09bd0
 Prev Bits: [0x0000022c4dde0000, 0x0000022c4eb30000)
 Next Bits: [0x0000022c4eb30000, 0x0000022c4f880000)

Polling page: 0x0000022c38d50000

Metaspace:

Usage:
  Non-class:     50.15 MB used.
      Class:      7.15 MB used.
       Both:     57.31 MB used.

Virtual space:
  Non-class space:       64.00 MB reserved,      50.38 MB ( 79%) committed,  1 nodes.
      Class space:        1.00 GB reserved,       7.38 MB ( <1%) committed,  1 nodes.
             Both:        1.06 GB reserved,      57.75 MB (  5%) committed. 

Chunk freelists:
   Non-Class:  13.62 MB
       Class:  8.67 MB
        Both:  22.30 MB

MaxMetaspaceSize: unlimited
CompressedClassSpaceSize: 1.00 GB
Initial GC threshold: 21.00 MB
Current GC threshold: 74.62 MB
CDS: off
MetaspaceReclaimPolicy: balanced
 - commit_granule_bytes: 65536.
 - commit_granule_words: 8192.
 - virtual_space_node_default_size: 8388608.
 - enlarge_chunks_in_place: 1.
 - new_chunks_are_fully_committed: 0.
 - uncommit_free_chunks: 1.
 - use_allocation_guard: 0.
 - handle_deallocations: 1.


Internal statistics:

num_allocs_failed_limit: 6.
num_arena_births: 572.
num_arena_deaths: 0.
num_vsnodes_births: 2.
num_vsnodes_deaths: 0.
num_space_committed: 924.
num_space_uncommitted: 0.
num_chunks_returned_to_freelist: 6.
num_chunks_taken_from_freelist: 2250.
num_chunk_merges: 3.
num_chunk_splits: 1598.
num_chunks_enlarged: 1236.
num_inconsistent_stats: 0.

CodeHeap 'non-profiled nmethods': size=120000Kb used=2569Kb max_used=2569Kb free=117430Kb
 bounds [0x0000022c45800000, 0x0000022c45a90000, 0x0000022c4cd30000]
CodeHeap 'profiled nmethods': size=120000Kb used=9873Kb max_used=9873Kb free=110126Kb
 bounds [0x0000022c3dd30000, 0x0000022c3e6e0000, 0x0000022c45260000]
CodeHeap 'non-nmethods': size=5760Kb used=1293Kb max_used=1326Kb free=4466Kb
 bounds [0x0000022c45260000, 0x0000022c454d0000, 0x0000022c45800000]
 total_blobs=5364 nmethods=4749 adapters=526
 compilation: enabled
              stopped_count=0, restarted_count=0
 full_count=0

Compilation events (20 events):
Event: 35.339 Thread 0x0000022c5259da60 nmethod 4750 0x0000022c3e6d2690 code [0x0000022c3e6d28a0, 0x0000022c3e6d30a8]
Event: 35.339 Thread 0x0000022c52549aa0 4747       4       java.util.RegularEnumSet::add (40 bytes)
Event: 35.341 Thread 0x0000022c52549aa0 nmethod 4747 0x0000022c45a80910 code [0x0000022c45a80a80, 0x0000022c45a80b58]
Event: 35.341 Thread 0x0000022c52549aa0 4748       4       java.util.EnumSet::typeCheck (59 bytes)
Event: 35.342 Thread 0x0000022c52549aa0 nmethod 4748 0x0000022c45a80c90 code [0x0000022c45a80e00, 0x0000022c45a80eb8]
Event: 35.350 Thread 0x0000022c5259da60 4751       1       java.util.stream.Collectors$CollectorImpl::finisher (5 bytes)
Event: 35.351 Thread 0x0000022c5259da60 nmethod 4751 0x0000022c45a80f90 code [0x0000022c45a81120, 0x0000022c45a811f8]
Event: 35.351 Thread 0x0000022c5259da60 4752       3       org.hibernate.validator.internal.properties.javabean.JavaBeanExecutable::getDeclaringClass (8 bytes)
Event: 35.351 Thread 0x0000022c52549aa0 4753       4       java.util.Collections$UnmodifiableCollection$1::next (10 bytes)
Event: 35.351 Thread 0x0000022c5259da60 nmethod 4752 0x0000022c3e6d3310 code [0x0000022c3e6d34c0, 0x0000022c3e6d3688]
Event: 35.351 Thread 0x0000022c5259da60 4755       3       java.util.HashMap$HashMapSpliterator::estimateSize (11 bytes)
Event: 35.351 Thread 0x0000022c5259da60 nmethod 4755 0x0000022c3e6d3790 code [0x0000022c3e6d3920, 0x0000022c3e6d3a68]
Event: 35.351 Thread 0x0000022c5259da60 4756       3       java.util.HashMap$HashMapSpliterator::getFence (53 bytes)
Event: 35.352 Thread 0x0000022c5259da60 nmethod 4756 0x0000022c3e6d3b10 code [0x0000022c3e6d3ca0, 0x0000022c3e6d3e58]
Event: 35.352 Thread 0x0000022c52549aa0 nmethod 4753 0x0000022c45a81290 code [0x0000022c45a81400, 0x0000022c45a81498]
Event: 35.352 Thread 0x0000022c5259da60 4757       1       org.hibernate.validator.internal.metadata.aggregated.CascadingMetaDataBuilder::hasGroupConversionsOnAnnotatedObjectOrContainerElements (5 bytes)
Event: 35.352 Thread 0x0000022c52549aa0 4754       4       java.util.Collections$UnmodifiableCollection$1::hasNext (10 bytes)
Event: 35.352 Thread 0x0000022c5259da60 nmethod 4757 0x0000022c45a81590 code [0x0000022c45a81720, 0x0000022c45a817f8]
Event: 35.353 Thread 0x0000022c52549aa0 nmethod 4754 0x0000022c45a81890 code [0x0000022c45a81a00, 0x0000022c45a81a98]
Event: 35.373 Thread 0x0000022c52549aa0 4758       4       java.net.URLStreamHandler::parseURL (1201 bytes)

GC Heap History (20 events):
Event: 13.126 GC heap before
{Heap before GC invocations=6 (full 0):
 garbage-first heap   total 37888K, used 27567K [0x00000000cac00000, 0x0000000100000000)
  region size 1024K, 17 young (17408K), 1 survivors (1024K)
 Metaspace       used 28968K, committed 29248K, reserved 1114112K
  class space    used 3342K, committed 3456K, reserved 1048576K
}
Event: 13.133 GC heap after
{Heap after GC invocations=7 (full 0):
 garbage-first heap   total 37888K, used 12929K [0x00000000cac00000, 0x0000000100000000)
  region size 1024K, 3 young (3072K), 3 survivors (3072K)
 Metaspace       used 28968K, committed 29248K, reserved 1114112K
  class space    used 3342K, committed 3456K, reserved 1048576K
}
Event: 16.036 GC heap before
{Heap before GC invocations=7 (full 0):
 garbage-first heap   total 37888K, used 27265K [0x00000000cac00000, 0x0000000100000000)
  region size 1024K, 17 young (17408K), 3 survivors (3072K)
 Metaspace       used 30798K, committed 31040K, reserved 1114112K
  class space    used 3578K, committed 3712K, reserved 1048576K
}
Event: 16.047 GC heap after
{Heap after GC invocations=8 (full 0):
 garbage-first heap   total 37888K, used 14082K [0x00000000cac00000, 0x0000000100000000)
  region size 1024K, 2 young (2048K), 2 survivors (2048K)
 Metaspace       used 30798K, committed 31040K, reserved 1114112K
  class space    used 3578K, committed 3712K, reserved 1048576K
}
Event: 18.586 GC heap before
{Heap before GC invocations=8 (full 0):
 garbage-first heap   total 37888K, used 27394K [0x00000000cac00000, 0x0000000100000000)
  region size 1024K, 15 young (15360K), 2 survivors (2048K)
 Metaspace       used 33196K, committed 33472K, reserved 1114112K
  class space    used 3927K, committed 4032K, reserved 1048576K
}
Event: 18.598 GC heap after
{Heap after GC invocations=9 (full 0):
 garbage-first heap   total 37888K, used 15044K [0x00000000cac00000, 0x0000000100000000)
  region size 1024K, 1 young (1024K), 1 survivors (1024K)
 Metaspace       used 33196K, committed 33472K, reserved 1114112K
  class space    used 3927K, committed 4032K, reserved 1048576K
}
Event: 21.017 GC heap before
{Heap before GC invocations=9 (full 0):
 garbage-first heap   total 37888K, used 28356K [0x00000000cac00000, 0x0000000100000000)
  region size 1024K, 15 young (15360K), 1 survivors (1024K)
 Metaspace       used 35652K, committed 35968K, reserved 1114112K
  class space    used 4313K, committed 4480K, reserved 1048576K
}
Event: 21.038 GC heap after
{Heap after GC invocations=10 (full 0):
 garbage-first heap   total 37888K, used 16618K [0x00000000cac00000, 0x0000000100000000)
  region size 1024K, 2 young (2048K), 2 survivors (2048K)
 Metaspace       used 35652K, committed 35968K, reserved 1114112K
  class space    used 4313K, committed 4480K, reserved 1048576K
}
Event: 24.249 GC heap before
{Heap before GC invocations=11 (full 0):
 garbage-first heap   total 37888K, used 27882K [0x00000000cac00000, 0x0000000100000000)
  region size 1024K, 14 young (14336K), 2 survivors (2048K)
 Metaspace       used 38720K, committed 39104K, reserved 1114112K
  class space    used 4662K, committed 4864K, reserved 1048576K
}
Event: 24.272 GC heap after
{Heap after GC invocations=12 (full 0):
 garbage-first heap   total 37888K, used 17830K [0x00000000cac00000, 0x0000000100000000)
  region size 1024K, 2 young (2048K), 2 survivors (2048K)
 Metaspace       used 38720K, committed 39104K, reserved 1114112K
  class space    used 4662K, committed 4864K, reserved 1048576K
}
Event: 25.971 GC heap before
{Heap before GC invocations=12 (full 0):
 garbage-first heap   total 37888K, used 29094K [0x00000000cac00000, 0x0000000100000000)
  region size 1024K, 13 young (13312K), 2 survivors (2048K)
 Metaspace       used 40595K, committed 41088K, reserved 1114112K
  class space    used 4900K, committed 5120K, reserved 1048576K
}
Event: 25.976 GC heap after
{Heap after GC invocations=13 (full 0):
 garbage-first heap   total 37888K, used 18474K [0x00000000cac00000, 0x0000000100000000)
  region size 1024K, 2 young (2048K), 2 survivors (2048K)
 Metaspace       used 40595K, committed 41088K, reserved 1114112K
  class space    used 4900K, committed 5120K, reserved 1048576K
}
Event: 27.657 GC heap before
{Heap before GC invocations=14 (full 0):
 garbage-first heap   total 37888K, used 29738K [0x00000000cac00000, 0x0000000100000000)
  region size 1024K, 13 young (13312K), 2 survivors (2048K)
 Metaspace       used 43139K, committed 43584K, reserved 1114112K
  class space    used 5303K, committed 5504K, reserved 1048576K
}
Event: 27.664 GC heap after
{Heap after GC invocations=15 (full 0):
 garbage-first heap   total 37888K, used 18988K [0x00000000cac00000, 0x0000000100000000)
  region size 1024K, 2 young (2048K), 2 survivors (2048K)
 Metaspace       used 43139K, committed 43584K, reserved 1114112K
  class space    used 5303K, committed 5504K, reserved 1048576K
}
Event: 29.285 GC heap before
{Heap before GC invocations=15 (full 0):
 garbage-first heap   total 37888K, used 28204K [0x00000000cac00000, 0x0000000100000000)
  region size 1024K, 12 young (12288K), 2 survivors (2048K)
 Metaspace       used 45377K, committed 45824K, reserved 1114112K
  class space    used 5677K, committed 5888K, reserved 1048576K
}
Event: 29.292 GC heap after
{Heap after GC invocations=16 (full 0):
 garbage-first heap   total 37888K, used 19365K [0x00000000cac00000, 0x0000000100000000)
  region size 1024K, 1 young (1024K), 1 survivors (1024K)
 Metaspace       used 45377K, committed 45824K, reserved 1114112K
  class space    used 5677K, committed 5888K, reserved 1048576K
}
Event: 31.269 GC heap before
{Heap before GC invocations=17 (full 0):
 garbage-first heap   total 37888K, used 30629K [0x00000000cac00000, 0x0000000100000000)
  region size 1024K, 12 young (12288K), 1 survivors (1024K)
 Metaspace       used 51170K, committed 51648K, reserved 1114112K
  class space    used 6354K, committed 6592K, reserved 1048576K
}
Event: 31.278 GC heap after
{Heap after GC invocations=18 (full 0):
 garbage-first heap   total 51200K, used 20960K [0x00000000cac00000, 0x0000000100000000)
  region size 1024K, 2 young (2048K), 2 survivors (2048K)
 Metaspace       used 51170K, committed 51648K, reserved 1114112K
  class space    used 6354K, committed 6592K, reserved 1048576K
}
Event: 34.013 GC heap before
{Heap before GC invocations=18 (full 0):
 garbage-first heap   total 51200K, used 40416K [0x00000000cac00000, 0x0000000100000000)
  region size 1024K, 21 young (21504K), 2 survivors (2048K)
 Metaspace       used 55683K, committed 56128K, reserved 1114112K
  class space    used 6955K, committed 7168K, reserved 1048576K
}
Event: 34.028 GC heap after
{Heap after GC invocations=19 (full 0):
 garbage-first heap   total 51200K, used 22440K [0x00000000cac00000, 0x0000000100000000)
  region size 1024K, 3 young (3072K), 3 survivors (3072K)
 Metaspace       used 55683K, committed 56128K, reserved 1114112K
  class space    used 6955K, committed 7168K, reserved 1048576K
}

Dll operation events (10 events):
Event: 0.113 Loaded shared library C:\Users\Anand Patel\.p2\pool\plugins\org.eclipse.justj.openjdk.hotspot.jre.full.win32.x86_64_17.0.15.v20250423-0846\jre\bin\java.dll
Event: 1.200 Loaded shared library C:\Users\Anand Patel\.p2\pool\plugins\org.eclipse.justj.openjdk.hotspot.jre.full.win32.x86_64_17.0.15.v20250423-0846\jre\bin\net.dll
Event: 1.219 Loaded shared library C:\Users\Anand Patel\.p2\pool\plugins\org.eclipse.justj.openjdk.hotspot.jre.full.win32.x86_64_17.0.15.v20250423-0846\jre\bin\nio.dll
Event: 1.243 Loaded shared library C:\Users\Anand Patel\.p2\pool\plugins\org.eclipse.justj.openjdk.hotspot.jre.full.win32.x86_64_17.0.15.v20250423-0846\jre\bin\zip.dll
Event: 2.173 Loaded shared library C:\Users\Anand Patel\.p2\pool\plugins\org.eclipse.justj.openjdk.hotspot.jre.full.win32.x86_64_17.0.15.v20250423-0846\jre\bin\jimage.dll
Event: 11.304 Loaded shared library C:\Users\Anand Patel\.p2\pool\plugins\org.eclipse.justj.openjdk.hotspot.jre.full.win32.x86_64_17.0.15.v20250423-0846\jre\bin\sunmscapi.dll
Event: 23.872 Loaded shared library C:\Users\Anand Patel\.p2\pool\plugins\org.eclipse.justj.openjdk.hotspot.jre.full.win32.x86_64_17.0.15.v20250423-0846\jre\bin\management.dll
Event: 23.906 Loaded shared library C:\Users\Anand Patel\.p2\pool\plugins\org.eclipse.justj.openjdk.hotspot.jre.full.win32.x86_64_17.0.15.v20250423-0846\jre\bin\management_ext.dll
Event: 27.798 Loaded shared library C:\Users\Anand Patel\.p2\pool\plugins\org.eclipse.justj.openjdk.hotspot.jre.full.win32.x86_64_17.0.15.v20250423-0846\jre\bin\verify.dll
Event: 30.313 Loaded shared library C:\Users\Anand Patel\.p2\pool\plugins\org.eclipse.justj.openjdk.hotspot.jre.full.win32.x86_64_17.0.15.v20250423-0846\jre\bin\extnet.dll

Deoptimization events (20 events):
Event: 31.969 Thread 0x0000022c578594e0 Uncommon trap: trap_request=0xffffff6e fr.pc=0x0000022c45a379f4 relative=0x0000000000000274
Event: 31.969 Thread 0x0000022c578594e0 Uncommon trap: reason=loop_limit_check action=maybe_recompile pc=0x0000022c45a379f4 method=java.math.BigInteger.implMulAdd([I[IIII)I @ 26 c2
Event: 31.969 Thread 0x0000022c578594e0 DEOPT PACKING pc=0x0000022c45a379f4 sp=0x000000e3f52fd880
Event: 31.969 Thread 0x0000022c578594e0 DEOPT UNPACKING pc=0x0000022c452b69a3 sp=0x000000e3f52fd7d0 mode 2
Event: 32.690 Thread 0x0000022c38bfea40 Uncommon trap: trap_request=0xffffff45 fr.pc=0x0000022c459c1638 relative=0x0000000000007d58
Event: 32.690 Thread 0x0000022c38bfea40 Uncommon trap: reason=unstable_if action=reinterpret pc=0x0000022c459c1638 method=jdk.internal.org.objectweb.asm.Frame.execute(IILjdk/internal/org/objectweb/asm/Symbol;Ljdk/internal/org/objectweb/asm/SymbolTable;)V @ 1 c2
Event: 32.690 Thread 0x0000022c38bfea40 DEOPT PACKING pc=0x0000022c459c1638 sp=0x000000e3f2efc590
Event: 32.690 Thread 0x0000022c38bfea40 DEOPT UNPACKING pc=0x0000022c452b69a3 sp=0x000000e3f2efc548 mode 2
Event: 32.930 Thread 0x0000022c38bfea40 Uncommon trap: trap_request=0xffffffde fr.pc=0x0000022c459acb48 relative=0x0000000000001208
Event: 32.930 Thread 0x0000022c38bfea40 Uncommon trap: reason=class_check action=maybe_recompile pc=0x0000022c459acb48 method=java.util.concurrent.ConcurrentHashMap.putVal(Ljava/lang/Object;Ljava/lang/Object;Z)Ljava/lang/Object; @ 159 c2
Event: 32.930 Thread 0x0000022c38bfea40 DEOPT PACKING pc=0x0000022c459acb48 sp=0x000000e3f2efdf30
Event: 32.930 Thread 0x0000022c38bfea40 DEOPT UNPACKING pc=0x0000022c452b69a3 sp=0x000000e3f2efdec0 mode 2
Event: 33.091 Thread 0x0000022c578594e0 DEOPT PACKING pc=0x0000022c3e5c2e5b sp=0x000000e3f52fdc00
Event: 33.091 Thread 0x0000022c578594e0 DEOPT UNPACKING pc=0x0000022c452b7143 sp=0x000000e3f52fd030 mode 0
Event: 34.315 Thread 0x0000022c38bfea40 DEOPT PACKING pc=0x0000022c3dd7bf08 sp=0x000000e3f2efcb70
Event: 34.316 Thread 0x0000022c38bfea40 DEOPT UNPACKING pc=0x0000022c452b7143 sp=0x000000e3f2efbfe0 mode 0
Event: 34.847 Thread 0x0000022c38bfea40 Uncommon trap: trap_request=0xffffff76 fr.pc=0x0000022c45a27634 relative=0x00000000000005f4
Event: 34.847 Thread 0x0000022c38bfea40 Uncommon trap: reason=predicate action=maybe_recompile pc=0x0000022c45a27634 method=java.util.TreeMap.getEntryUsingComparator(Ljava/lang/Object;)Ljava/util/TreeMap$Entry; @ 19 c2
Event: 34.848 Thread 0x0000022c38bfea40 DEOPT PACKING pc=0x0000022c45a27634 sp=0x000000e3f2efdf10
Event: 34.848 Thread 0x0000022c38bfea40 DEOPT UNPACKING pc=0x0000022c452b69a3 sp=0x000000e3f2efdeb0 mode 2

Classes loaded (20 events):
Event: 34.473 Loading class javax/naming/StringRefAddr
Event: 34.473 Loading class javax/naming/StringRefAddr done
Event: 34.653 Loading class java/util/concurrent/CompletionStage
Event: 34.656 Loading class java/util/concurrent/CompletionStage done
Event: 34.662 Loading class java/util/concurrent/CompletableFuture
Event: 34.669 Loading class java/util/concurrent/CompletableFuture done
Event: 34.670 Loading class java/util/concurrent/CompletableFuture$AltResult
Event: 34.670 Loading class java/util/concurrent/CompletableFuture$AltResult done
Event: 34.672 Loading class java/util/concurrent/CompletableFuture$Completion
Event: 34.672 Loading class java/util/concurrent/CompletableFuture$AsynchronousCompletionTask
Event: 34.673 Loading class java/util/concurrent/CompletableFuture$AsynchronousCompletionTask done
Event: 34.673 Loading class java/util/concurrent/ForkJoinTask
Event: 34.675 Loading class java/util/concurrent/ForkJoinTask done
Event: 34.675 Loading class java/util/concurrent/CompletableFuture$Completion done
Event: 35.162 Loading class java/security/CodeSigner
Event: 35.163 Loading class java/security/CodeSigner done
Event: 35.199 Loading class sun/reflect/annotation/TypeAnnotation$TypeAnnotationTargetInfo
Event: 35.204 Loading class sun/reflect/annotation/TypeAnnotation$TypeAnnotationTargetInfo done
Event: 35.578 Loading class java/util/concurrent/CancellationException
Event: 35.579 Loading class java/util/concurrent/CancellationException done

Classes unloaded (0 events):
No events

Classes redefined (0 events):
No events

Internal exceptions (20 events):
Event: 20.788 Thread 0x0000022c38bfea40 Exception <a 'java/lang/NoSuchMethodError'{0x00000000cc5f5308}: 'int java.lang.invoke.DirectMethodHandle$Holder.invokeSpecialIFC(java.lang.Object, java.lang.Object, java.lang.Object)'> (0x00000000cc5f5308) 
thrown [s\src\hotspot\share\interpreter\linkResolver.cpp, line 759]
Event: 20.801 Thread 0x0000022c38bfea40 Exception <a 'java/lang/NoSuchMethodError'{0x00000000cc403418}: 'void java.lang.invoke.DirectMethodHandle$Holder.invokeStatic(java.lang.Object, int, java.lang.Object)'> (0x00000000cc403418) 
thrown [s\src\hotspot\share\interpreter\linkResolver.cpp, line 759]
Event: 20.897 Thread 0x0000022c38bfea40 Exception <a 'java/lang/NoSuchMethodError'{0x00000000cc43f710}: 'void java.lang.invoke.DirectMethodHandle$Holder.invokeVirtual(java.lang.Object, java.lang.Object, int)'> (0x00000000cc43f710) 
thrown [s\src\hotspot\share\interpreter\linkResolver.cpp, line 759]
Event: 20.899 Thread 0x0000022c38bfea40 Exception <a 'java/lang/NoSuchMethodError'{0x00000000cc445948}: 'void java.lang.invoke.DirectMethodHandle$Holder.invokeStatic(java.lang.Object, java.lang.Object, java.lang.Object, int, java.lang.Object)'> (0x00000000cc445948) 
thrown [s\src\hotspot\share\interpreter\linkResolver.cpp, line 759]
Event: 20.901 Thread 0x0000022c38bfea40 Exception <a 'java/lang/NoSuchMethodError'{0x00000000cc44ce50}: 'java.lang.Object java.lang.invoke.DirectMethodHandle$Holder.newInvokeSpecial(java.lang.Object, java.lang.Object, java.lang.Object, int)'> (0x00000000cc44ce50) 
thrown [s\src\hotspot\share\interpreter\linkResolver.cpp, line 759]
Event: 20.903 Thread 0x0000022c38bfea40 Exception <a 'java/lang/NoSuchMethodError'{0x00000000cc451138}: 'java.lang.Object java.lang.invoke.DirectMethodHandle$Holder.invokeSpecial(java.lang.Object, java.lang.Object, java.lang.Object, java.lang.Object, int)'> (0x00000000cc451138) 
thrown [s\src\hotspot\share\interpreter\linkResolver.cpp, line 759]
Event: 20.904 Thread 0x0000022c38bfea40 Exception <a 'java/lang/NoSuchMethodError'{0x00000000cc454d00}: 'java.lang.Object java.lang.invoke.Invokers$Holder.linkToTargetMethod(java.lang.Object, java.lang.Object, int, java.lang.Object)'> (0x00000000cc454d00) 
thrown [s\src\hotspot\share\interpreter\linkResolver.cpp, line 759]
Event: 21.861 Thread 0x0000022c38bfea40 Exception <a 'java/lang/NoSuchMethodError'{0x00000000cd6f6cd8}: 'java.lang.Object java.lang.invoke.DirectMethodHandle$Holder.invokeStaticInit(java.lang.Object, int, int, int, int)'> (0x00000000cd6f6cd8) 
thrown [s\src\hotspot\share\interpreter\linkResolver.cpp, line 759]
Event: 23.101 Thread 0x0000022c38bfea40 Exception <a 'java/lang/NoSuchMethodError'{0x00000000cd5c3b58}: 'java.lang.Object java.lang.invoke.DirectMethodHandle$Holder.invokeStaticInit(java.lang.Object, java.lang.Object, int, int, int, int)'> (0x00000000cd5c3b58) 
thrown [s\src\hotspot\share\interpreter\linkResolver.cpp, line 759]
Event: 23.703 Thread 0x0000022c38bfea40 Exception <a 'java/lang/NoSuchMethodError'{0x00000000cc8b4340}: 'java.lang.Object java.lang.invoke.DirectMethodHandle$Holder.invokeSpecial(java.lang.Object, java.lang.Object, long, java.lang.Object, java.lang.Object, java.lang.Object, java.lang.Object, java.lang.Object, java.lang.Object)'> (0x00000000cc8b4340) 
thrown [s\src\hotspot\share\interpreter\linkResolver.cpp, line 759]
Event: 23.707 Thread 0x0000022c38bfea40 Exception <a 'java/lang/NoSuchMethodError'{0x00000000cc8b8e68}: 'java.lang.Object java.lang.invoke.DelegatingMethodHandle$Holder.reinvoke_L(java.lang.Object, long, java.lang.Object, java.lang.Object, java.lang.Object, java.lang.Object, java.lang.Object, java.lang.Object)'> (0x00000000cc8b8e68) 
thrown [s\src\hotspot\share\interpreter\linkResolver.cpp, line 759]
Event: 24.013 Thread 0x0000022c38bfea40 Exception <a 'java/io/FileNotFoundException'{0x00000000cc621e10}> (0x00000000cc621e10) 
thrown [s\src\hotspot\share\prims\jni.cpp, line 516]
Event: 24.229 Thread 0x0000022c38bfea40 Exception <a 'java/lang/NoSuchMethodError'{0x00000000cc5cb1f8}: 'int java.lang.invoke.DirectMethodHandle$Holder.invokeInterface(java.lang.Object, java.lang.Object, java.lang.Object, java.lang.Object)'> (0x00000000cc5cb1f8) 
thrown [s\src\hotspot\share\interpreter\linkResolver.cpp, line 759]
Event: 24.595 Thread 0x0000022c38bfea40 Exception <a 'java/lang/NoSuchMethodError'{0x00000000cd7ba7f0}: 'long java.lang.invoke.DirectMethodHandle$Holder.invokeVirtual(java.lang.Object, java.lang.Object)'> (0x00000000cd7ba7f0) 
thrown [s\src\hotspot\share\interpreter\linkResolver.cpp, line 759]
Event: 25.443 Thread 0x0000022c38bfea40 Implicit null exception at 0x0000022c4595619b to 0x0000022c4595658c
Event: 29.359 Thread 0x0000022c38bfea40 Exception <a 'java/lang/NoSuchMethodError'{0x00000000ce1380c8}: 'int java.lang.invoke.DirectMethodHandle$Holder.invokeStatic(java.lang.Object)'> (0x00000000ce1380c8) 
thrown [s\src\hotspot\share\interpreter\linkResolver.cpp, line 759]
Event: 30.769 Thread 0x0000022c38bfea40 Exception <a 'sun/nio/fs/WindowsException'{0x00000000cc8d7e20}> (0x00000000cc8d7e20) 
thrown [s\src\hotspot\share\prims\jni.cpp, line 516]
Event: 30.810 Thread 0x0000022c38bfea40 Exception <a 'java/lang/NoSuchMethodError'{0x00000000cc8f9e58}: 'int java.lang.invoke.DirectMethodHandle$Holder.invokeStaticInit(java.lang.Object, java.lang.Object, java.lang.Object, java.lang.Object)'> (0x00000000cc8f9e58) 
thrown [s\src\hotspot\share\interpreter\linkResolver.cpp, line 759]
Event: 32.679 Thread 0x0000022c38bfea40 Exception <a 'java/lang/NoSuchMethodError'{0x00000000cd790d50}: 'java.lang.Object java.lang.invoke.DirectMethodHandle$Holder.invokeStaticInit(java.lang.Object, java.lang.Object, java.lang.Object, java.lang.Object)'> (0x00000000cd790d50) 
thrown [s\src\hotspot\share\interpreter\linkResolver.cpp, line 759]
Event: 35.659 Thread 0x0000022c38bfea40 Exception <a 'java/lang/IncompatibleClassChangeError'{0x00000000cd26f3a0}: Found class java.lang.Object, but interface was expected> (0x00000000cd26f3a0) 
thrown [s\src\hotspot\share\interpreter\linkResolver.cpp, line 826]

VM Operations (20 events):
Event: 30.570 Executing VM operation: HandshakeAllThreads
Event: 30.571 Executing VM operation: HandshakeAllThreads done
Event: 30.774 Executing VM operation: HandshakeAllThreads
Event: 30.774 Executing VM operation: HandshakeAllThreads done
Event: 30.794 Executing VM operation: HandshakeAllThreads
Event: 30.794 Executing VM operation: HandshakeAllThreads done
Event: 31.269 Executing VM operation: G1CollectForAllocation
Event: 31.278 Executing VM operation: G1CollectForAllocation done
Event: 31.379 Executing VM operation: HandshakeAllThreads
Event: 31.379 Executing VM operation: HandshakeAllThreads done
Event: 32.391 Executing VM operation: Cleanup
Event: 32.391 Executing VM operation: Cleanup done
Event: 33.400 Executing VM operation: Cleanup
Event: 33.401 Executing VM operation: Cleanup done
Event: 34.013 Executing VM operation: G1CollectForAllocation
Event: 34.028 Executing VM operation: G1CollectForAllocation done
Event: 35.042 Executing VM operation: Cleanup
Event: 35.060 Executing VM operation: Cleanup done
Event: 36.072 Executing VM operation: Cleanup
Event: 36.072 Executing VM operation: Cleanup done

Memory protections (0 events):
No events

Nmethod flushes (0 events):
No events

Events (20 events):
Event: 0.427 Thread 0x0000022c38bfea40 Thread added: 0x0000022c524dc0e0
Event: 0.628 Thread 0x0000022c38bfea40 Thread added: 0x0000022c5251ea70
Event: 0.629 Thread 0x0000022c38bfea40 Thread added: 0x0000022c52539ff0
Event: 0.629 Thread 0x0000022c38bfea40 Thread added: 0x0000022c5253f070
Event: 0.630 Thread 0x0000022c38bfea40 Thread added: 0x0000022c525489b0
Event: 0.630 Thread 0x0000022c38bfea40 Thread added: 0x0000022c52549aa0
Event: 0.644 Thread 0x0000022c38bfea40 Thread added: 0x0000022c5259da60
Event: 0.644 Thread 0x0000022c38bfea40 Thread added: 0x0000022c525f4720
Event: 0.968 Thread 0x0000022c38bfea40 Thread added: 0x0000022c526f5190
Event: 1.090 Thread 0x0000022c38bfea40 Thread added: 0x0000022c526ff4c0
Event: 7.127 Thread 0x0000022c38bfea40 Thread added: 0x0000022c573fb880
Event: 10.921 Thread 0x0000022c38bfea40 Thread added: 0x0000022c57858ac0
Event: 11.304 Thread 0x0000022c57858ac0 Thread exited: 0x0000022c57858ac0
Event: 11.342 Thread 0x0000022c573fb880 Thread exited: 0x0000022c573fb880
Event: 24.840 Thread 0x0000022c38bfea40 Thread added: 0x0000022c578599f0
Event: 24.851 Thread 0x0000022c38bfea40 Thread added: 0x0000022c5785b850
Event: 24.865 Thread 0x0000022c38bfea40 Thread added: 0x0000022c5785bd60
Event: 24.997 Thread 0x0000022c38bfea40 Thread added: 0x0000022c5785c270
Event: 31.797 Thread 0x0000022c38bfea40 Thread added: 0x0000022c57858fd0
Event: 31.912 Thread 0x0000022c57858fd0 Thread added: 0x0000022c578594e0


Dynamic libraries:
0x00007ff73a590000 - 0x00007ff73a59e000 	C:\Users\Anand Patel\.p2\pool\plugins\org.eclipse.justj.openjdk.hotspot.jre.full.win32.x86_64_17.0.15.v20250423-0846\jre\bin\javaw.exe
0x00007fff7b1e0000 - 0x00007fff7b446000 	C:\WINDOWS\SYSTEM32\ntdll.dll
0x00007fff795f0000 - 0x00007fff796b9000 	C:\WINDOWS\System32\KERNEL32.DLL
0x00007fff78530000 - 0x00007fff7892a000 	C:\WINDOWS\System32\KERNELBASE.dll
0x00007fff78a70000 - 0x00007fff78bbc000 	C:\WINDOWS\System32\ucrtbase.dll
0x00007fff57570000 - 0x00007fff57587000 	C:\Users\Anand Patel\.p2\pool\plugins\org.eclipse.justj.openjdk.hotspot.jre.full.win32.x86_64_17.0.15.v20250423-0846\jre\bin\jli.dll
0x00007fff7af10000 - 0x00007fff7b0d7000 	C:\WINDOWS\System32\USER32.dll
0x00007fff78bc0000 - 0x00007fff78be7000 	C:\WINDOWS\System32\win32u.dll
0x00007fff7b0f0000 - 0x00007fff7b11b000 	C:\WINDOWS\System32\GDI32.dll
0x00007fff78bf0000 - 0x00007fff78d1b000 	C:\WINDOWS\System32\gdi32full.dll
0x00007fff789c0000 - 0x00007fff78a63000 	C:\WINDOWS\System32\msvcp_win.dll
0x00007fff60000000 - 0x00007fff60292000 	C:\WINDOWS\WinSxS\amd64_microsoft.windows.common-controls_6595b64144ccf1df_6.0.26100.8521_none_3e08b75ce33403b3\COMCTL32.dll
0x00007fff790a0000 - 0x00007fff79149000 	C:\WINDOWS\System32\msvcrt.dll
0x00007fff575a0000 - 0x00007fff575be000 	C:\Users\Anand Patel\.p2\pool\plugins\org.eclipse.justj.openjdk.hotspot.jre.full.win32.x86_64_17.0.15.v20250423-0846\jre\bin\VCRUNTIME140.dll
0x00007fff7ac30000 - 0x00007fff7ac62000 	C:\WINDOWS\System32\IMM32.DLL
0x00007fff5c730000 - 0x00007fff5c822000 	C:\Program Files\Windhawk\Engine\1.7.3\64\windhawk.dll
0x00007fff78fe0000 - 0x00007fff79096000 	C:\WINDOWS\System32\ADVAPI32.dll
0x00007fff797e0000 - 0x00007fff7988a000 	C:\WINDOWS\System32\sechost.dll
0x00007fff796c0000 - 0x00007fff797d8000 	C:\WINDOWS\System32\RPCRT4.dll
0x00007fff6da40000 - 0x00007fff6da4c000 	C:\Users\Anand Patel\.p2\pool\plugins\org.eclipse.justj.openjdk.hotspot.jre.full.win32.x86_64_17.0.15.v20250423-0846\jre\bin\vcruntime140_1.dll
0x00007ffed00c0000 - 0x00007ffed014d000 	C:\Users\Anand Patel\.p2\pool\plugins\org.eclipse.justj.openjdk.hotspot.jre.full.win32.x86_64_17.0.15.v20250423-0846\jre\bin\msvcp140.dll
0x00007ffe990a0000 - 0x00007ffe99d0b000 	C:\Users\Anand Patel\.p2\pool\plugins\org.eclipse.justj.openjdk.hotspot.jre.full.win32.x86_64_17.0.15.v20250423-0846\jre\bin\server\jvm.dll
0x00007fff78f50000 - 0x00007fff78fd0000 	C:\WINDOWS\System32\WS2_32.dll
0x00007fff78120000 - 0x00007fff7817e000 	C:\WINDOWS\SYSTEM32\POWRPROF.dll
0x00007fff705a0000 - 0x00007fff705ab000 	C:\WINDOWS\SYSTEM32\VERSION.dll
0x00007fff70560000 - 0x00007fff70596000 	C:\WINDOWS\SYSTEM32\WINMM.dll
0x00007fff78100000 - 0x00007fff78114000 	C:\WINDOWS\SYSTEM32\UMPDC.dll
0x00007fff771a0000 - 0x00007fff771bb000 	C:\WINDOWS\SYSTEM32\kernel.appcore.dll
0x00007fff71320000 - 0x00007fff7132a000 	C:\Users\Anand Patel\.p2\pool\plugins\org.eclipse.justj.openjdk.hotspot.jre.full.win32.x86_64_17.0.15.v20250423-0846\jre\bin\jimage.dll
0x00007fff6c1f0000 - 0x00007fff6c432000 	C:\WINDOWS\SYSTEM32\DBGHELP.DLL
0x00007fff79890000 - 0x00007fff79c13000 	C:\WINDOWS\System32\combase.dll
0x00007fff7ac70000 - 0x00007fff7ad49000 	C:\WINDOWS\System32\OLEAUT32.dll
0x00007fff5ec30000 - 0x00007fff5ec6b000 	C:\WINDOWS\SYSTEM32\dbgcore.DLL
0x00007fff78d20000 - 0x00007fff78dc8000 	C:\WINDOWS\System32\bcryptPrimitives.dll
0x00007ffefbb90000 - 0x00007ffefbbb5000 	C:\Users\Anand Patel\.p2\pool\plugins\org.eclipse.justj.openjdk.hotspot.jre.full.win32.x86_64_17.0.15.v20250423-0846\jre\bin\java.dll
0x00007fff46d40000 - 0x00007fff46d58000 	C:\Users\Anand Patel\.p2\pool\plugins\org.eclipse.justj.openjdk.hotspot.jre.full.win32.x86_64_17.0.15.v20250423-0846\jre\bin\zip.dll
0x00007fff7a4a0000 - 0x00007fff7ac24000 	C:\WINDOWS\System32\SHELL32.dll
0x00007fff76050000 - 0x00007fff768d0000 	C:\WINDOWS\SYSTEM32\windows.storage.dll
0x00007fff79f40000 - 0x00007fff7a036000 	C:\WINDOWS\System32\SHCORE.dll
0x00007fff7a2e0000 - 0x00007fff7a347000 	C:\WINDOWS\System32\shlwapi.dll
0x00007fff78390000 - 0x00007fff783b9000 	C:\WINDOWS\SYSTEM32\profapi.dll
0x00007fff45520000 - 0x00007fff45539000 	C:\Users\Anand Patel\.p2\pool\plugins\org.eclipse.justj.openjdk.hotspot.jre.full.win32.x86_64_17.0.15.v20250423-0846\jre\bin\net.dll
0x00007fff6d500000 - 0x00007fff6d629000 	C:\WINDOWS\SYSTEM32\WINHTTP.dll
0x00007fff77770000 - 0x00007fff777dc000 	C:\WINDOWS\system32\mswsock.dll
0x00007fff1f040000 - 0x00007fff1f056000 	C:\Users\Anand Patel\.p2\pool\plugins\org.eclipse.justj.openjdk.hotspot.jre.full.win32.x86_64_17.0.15.v20250423-0846\jre\bin\nio.dll
0x00007fff3da80000 - 0x00007fff3da8e000 	C:\Users\Anand Patel\.p2\pool\plugins\org.eclipse.justj.openjdk.hotspot.jre.full.win32.x86_64_17.0.15.v20250423-0846\jre\bin\sunmscapi.dll
0x00007fff78dd0000 - 0x00007fff78f48000 	C:\WINDOWS\System32\CRYPT32.dll
0x00007fff77ce0000 - 0x00007fff77d10000 	C:\WINDOWS\SYSTEM32\ncrypt.dll
0x00007fff77c90000 - 0x00007fff77ccf000 	C:\WINDOWS\SYSTEM32\NTASN1.dll
0x00007fff77a50000 - 0x00007fff77a6b000 	C:\WINDOWS\SYSTEM32\CRYPTSP.dll
0x00007fff77160000 - 0x00007fff77199000 	C:\WINDOWS\system32\rsaenh.dll
0x00007fff77820000 - 0x00007fff77853000 	C:\WINDOWS\SYSTEM32\USERENV.dll
0x00007fff78360000 - 0x00007fff7838a000 	C:\WINDOWS\SYSTEM32\bcrypt.dll
0x00007fff77a70000 - 0x00007fff77a7c000 	C:\WINDOWS\SYSTEM32\CRYPTBASE.dll
0x00007fff76c00000 - 0x00007fff76c33000 	C:\WINDOWS\SYSTEM32\IPHLPAPI.DLL
0x00007fff79c50000 - 0x00007fff79c5a000 	C:\WINDOWS\System32\NSI.dll
0x00007fff70990000 - 0x00007fff709ad000 	C:\WINDOWS\SYSTEM32\dhcpcsvc6.DLL
0x00007fff70530000 - 0x00007fff70555000 	C:\WINDOWS\SYSTEM32\dhcpcsvc.DLL
0x00007fff76c40000 - 0x00007fff76d8a000 	C:\WINDOWS\SYSTEM32\DNSAPI.dll
0x00007fff77520000 - 0x00007fff7752d000 	C:\WINDOWS\SYSTEM32\DSPARSE.dll
0x00007fff4fb80000 - 0x00007fff4fb8a000 	C:\Users\Anand Patel\.p2\pool\plugins\org.eclipse.justj.openjdk.hotspot.jre.full.win32.x86_64_17.0.15.v20250423-0846\jre\bin\management.dll
0x00007fff4fb70000 - 0x00007fff4fb7b000 	C:\Users\Anand Patel\.p2\pool\plugins\org.eclipse.justj.openjdk.hotspot.jre.full.win32.x86_64_17.0.15.v20250423-0846\jre\bin\management_ext.dll
0x00007fff795e0000 - 0x00007fff795e8000 	C:\WINDOWS\System32\PSAPI.DLL
0x00007fff452d0000 - 0x00007fff452e0000 	C:\Users\Anand Patel\.p2\pool\plugins\org.eclipse.justj.openjdk.hotspot.jre.full.win32.x86_64_17.0.15.v20250423-0846\jre\bin\verify.dll
0x00007fff6d180000 - 0x00007fff6d18b000 	C:\Windows\System32\rasadhlp.dll
0x00007fff71230000 - 0x00007fff712b6000 	C:\WINDOWS\System32\fwpuclnt.dll
0x00007fff6ddc0000 - 0x00007fff6ddc9000 	C:\Users\Anand Patel\.p2\pool\plugins\org.eclipse.justj.openjdk.hotspot.jre.full.win32.x86_64_17.0.15.v20250423-0846\jre\bin\extnet.dll

dbghelp: loaded successfully - version: 4.0.5 - missing functions: none
symbol engine: initialized successfully - sym options: 0x614 - pdb path: .;C:\Users\Anand Patel\.p2\pool\plugins\org.eclipse.justj.openjdk.hotspot.jre.full.win32.x86_64_17.0.15.v20250423-0846\jre\bin;C:\WINDOWS\SYSTEM32;C:\WINDOWS\WinSxS\amd64_microsoft.windows.common-controls_6595b64144ccf1df_6.0.26100.8521_none_3e08b75ce33403b3;C:\Program Files\Windhawk\Engine\1.7.3\64;C:\Users\Anand Patel\.p2\pool\plugins\org.eclipse.justj.openjdk.hotspot.jre.full.win32.x86_64_17.0.15.v20250423-0846\jre\bin\server

VM Arguments:
jvm_args: -Dfile.encoding=UTF-8 -Dstdout.encoding=UTF-8 -Dstderr.encoding=UTF-8 -XX:+ShowCodeDetailsInExceptionMessages 
java_command: com.neha.employeemanagement.EmployeeManagementSystemApplication
java_class_path (initial): C:\Users\Anand Patel\OneDrive\Desktop\JSPIDERS\employee-management-system\employee-management-system\target\classes;C:\Users\Anand Patel\.m2\repository\org\springframework\boot\spring-boot-starter-web\3.2.5\spring-boot-starter-web-3.2.5.jar;C:\Users\Anand Patel\.m2\repository\org\springframework\boot\spring-boot-starter\3.2.5\spring-boot-starter-3.2.5.jar;C:\Users\Anand Patel\.m2\repository\org\springframework\boot\spring-boot\3.2.5\spring-boot-3.2.5.jar;C:\Users\Anand Patel\.m2\repository\org\springframework\boot\spring-boot-autoconfigure\3.2.5\spring-boot-autoconfigure-3.2.5.jar;C:\Users\Anand Patel\.m2\repository\org\springframework\boot\spring-boot-starter-logging\3.2.5\spring-boot-starter-logging-3.2.5.jar;C:\Users\Anand Patel\.m2\repository\ch\qos\logback\logback-classic\1.4.14\logback-classic-1.4.14.jar;C:\Users\Anand Patel\.m2\repository\ch\qos\logback\logback-core\1.4.14\logback-core-1.4.14.jar;C:\Users\Anand Patel\.m2\repository\org\apache\logging\log4j\log4j-to-slf4j\2.21.1\log4j-to-slf4j-2.21.1.jar;C:\Users\Anand Patel\.m2\repository\org\apache\logging\log4j\log4j-api\2.21.1\log4j-api-2.21.1.jar;C:\Users\Anand Patel\.m2\repository\org\slf4j\jul-to-slf4j\2.0.13\jul-to-slf4j-2.0.13.jar;C:\Users\Anand Patel\.m2\repository\jakarta\annotation\jakarta.annotation-api\2.1.1\jakarta.annotation-api-2.1.1.jar;C:\Users\Anand Patel\.m2\repository\org\yaml\snakeyaml\2.2\snakeyaml-2.2.jar;C:\Users\Anand Patel\.m2\repository\org\springframework\boot\spring-boot-starter-json\3.2.5\spring-boot-starter-json-3.2.5.jar;C:\Users\Anand Patel\.m2\repository\com\fasterxml\jackson\core\jackson-databind\2.15.4\jackson-databind-2.15.4.jar;C:\Users\Anand Patel\.m2\repository\com\fasterxml\jackson\core\jackson-annotations\2.15.4\jackson-annotations-2.15.4.jar;C:\Users\Anand Patel\.m2\repository\com\fasterxml\jackson\core\jackson-core\2.15.4\jackson-core-2.15.4.jar;C:\Users\Anand Patel\.m2\repository\com\fasterxml\jackson\datatype\jackson-datatype-jdk8\2.1
Launcher Type: SUN_STANDARD

[Global flags]
     intx CICompilerCount                          = 4                                         {product} {ergonomic}
     uint ConcGCThreads                            = 3                                         {product} {ergonomic}
     uint G1ConcRefinementThreads                  = 10                                        {product} {ergonomic}
   size_t G1HeapRegionSize                         = 1048576                                   {product} {ergonomic}
    uintx GCDrainStackTargetSize                   = 64                                        {product} {ergonomic}
   size_t InitialHeapSize                          = 56623104                                  {product} {ergonomic}
   size_t MarkStackSize                            = 4194304                                   {product} {ergonomic}
   size_t MaxHeapSize                              = 893386752                                 {product} {ergonomic}
   size_t MaxNewSize                               = 535822336                                 {product} {ergonomic}
   size_t MinHeapDeltaBytes                        = 1048576                                   {product} {ergonomic}
   size_t MinHeapSize                              = 8388608                                   {product} {ergonomic}
    uintx NonNMethodCodeHeapSize                   = 5839372                                {pd product} {ergonomic}
    uintx NonProfiledCodeHeapSize                  = 122909434                              {pd product} {ergonomic}
    uintx ProfiledCodeHeapSize                     = 122909434                              {pd product} {ergonomic}
    uintx ReservedCodeCacheSize                    = 251658240                              {pd product} {ergonomic}
     bool SegmentedCodeCache                       = true                                      {product} {ergonomic}
     bool ShowCodeDetailsInExceptionMessages       = true                                   {manageable} {command line}
   size_t SoftMaxHeapSize                          = 893386752                              {manageable} {ergonomic}
     bool UseCompressedClassPointers               = true                           {product lp64_product} {ergonomic}
     bool UseCompressedOops                        = true                           {product lp64_product} {ergonomic}
     bool UseG1GC                                  = true                                      {product} {ergonomic}
     bool UseLargePagesIndividualAllocation        = false                                  {pd product} {ergonomic}

Logging:
Log output configuration:
 #0: stdout all=warning uptime,level,tags
 #1: stderr all=off uptime,level,tags

Environment Variables:
PATH=C:/Users/Anand Patel/.p2/pool/plugins/org.eclipse.justj.openjdk.hotspot.jre.full.win32.x86_64_17.0.15.v20250423-0846/jre/bin/server;C:/Users/Anand Patel/.p2/pool/plugins/org.eclipse.justj.openjdk.hotspot.jre.full.win32.x86_64_17.0.15.v20250423-0846/jre/bin;C:\Program Files\Common Files\Oracle\Java\javapath;C:\oracle\product\10.2.0\db_1\bin;C:\WINDOWS\system32;C:\WINDOWS;C:\WINDOWS\System32\Wbem;C:\WINDOWS\System32\WindowsPowerShell\v1.0\;C:\WINDOWS\System32\OpenSSH\;C:\Program Files\Java\jdk1.8.0_162\bin;C:\Users\Anand Patel\AppData\Local\Microsoft\WindowsApps;C:\Users\Anand Patel\AppData\Local\Programs\Microsoft VS Code\bin;;C:\WINDOWS\system32;
USERNAME=Neha
OS=Windows_NT
PROCESSOR_IDENTIFIER=AMD64 Family 23 Model 104 Stepping 1, AuthenticAMD
TMP=C:\Users\ANANDP~1\AppData\Local\Temp
TEMP=C:\Users\ANANDP~1\AppData\Local\Temp



Periodic native trim disabled


---------------  S Y S T E M  ---------------

OS:
 Windows 11 , 64 bit Build 26100 (10.0.26100.8521)
OS uptime: 0 days 0:17 hours

CPU: total 12 (initial active 12) (12 cores per cpu, 2 threads per core) family 23 model 104 stepping 1 microcode 0x8608109, cx8, cmov, fxsr, ht, mmx, 3dnowpref, sse, sse2, sse3, ssse3, sse4a, sse4.1, sse4.2, popcnt, lzcnt, tsc, tscinvbit, avx, avx2, aes, clmul, bmi1, bmi2, adx, sha, fma, vzeroupper, clflush, clflushopt
Processor Information for processor 0
  Max Mhz: 2100, Current Mhz: 1893, Mhz Limit: 2100
Processor Information for processor 1
  Max Mhz: 2100, Current Mhz: 1893, Mhz Limit: 2100
Processor Information for processor 2
  Max Mhz: 2100, Current Mhz: 1893, Mhz Limit: 2100
Processor Information for processor 3
  Max Mhz: 2100, Current Mhz: 1893, Mhz Limit: 2100
Processor Information for processor 4
  Max Mhz: 2100, Current Mhz: 1893, Mhz Limit: 2100
Processor Information for processor 5
  Max Mhz: 2100, Current Mhz: 1893, Mhz Limit: 2100
Processor Information for processor 6
  Max Mhz: 2100, Current Mhz: 1893, Mhz Limit: 2100
Processor Information for processor 7
  Max Mhz: 2100, Current Mhz: 1893, Mhz Limit: 2100
Processor Information for processor 8
  Max Mhz: 2100, Current Mhz: 1813, Mhz Limit: 2100
Processor Information for processor 9
  Max Mhz: 2100, Current Mhz: 1893, Mhz Limit: 2100
Processor Information for processor 10
  Max Mhz: 2100, Current Mhz: 1893, Mhz Limit: 2100
Processor Information for processor 11
  Max Mhz: 2100, Current Mhz: 1893, Mhz Limit: 2100

Memory: 4k page, system-wide physical 3405M (177M free)
TotalPageFile size 13645M (AvailPageFile size 49M)
current process WorkingSet (physical memory assigned to process): 146M, peak: 158M
current process commit charge ("private bytes"): 226M, peak: 234M

vm_info: OpenJDK 64-Bit Server VM (17.0.15+6) for windows-amd64 JRE (17.0.15+6), built on Apr 15 2025 21:25:47 by "admin" with MS VC++ 17.7 (VS2022)

END.
